// Vitest Snapshot v1, https://vitest.dev/guide/snapshot.html

exports[`Room Booking should show 1`] = `
<div
  className="room-booking"
>
  <h3>
    Room Booking
  </h3>
  <label>
    Number of Nights:
    <input
      onChange={[Function]}
      type="number"
      value={5}
    />
  </label>
</div>
`;

exports[`should show title all the time 1`] = `
<div
  className="room-booking"
>
  <h3>
    Room Booking
  </h3>
  <label>
    Number of Nights:
    <input
      onChange={[Function]}
      type="number"
      value={5}
    />
  </label>
</div>
`;
